Microchip MPLAB XC8 Compiler V2.32

Linker command line:

-W-3 --edf=C:\Program Files\Microchip\xc8\v2.32\pic\dat\en_msgs.txt -cn \
  -h+dist/default/production\pruebaMaster2.X.production.sym \
  --cmf=dist/default/production\pruebaMaster2.X.production.cmf -z -Q16F887 \
  -oC:\Users\ANDYBO~1\AppData\Local\Temp\xcAseg0.4 --defsym=__MPLAB_BUILD=1 \
  -Mdist/default/production/pruebaMaster2.X.production.map -E1 \
  -ver=XC8 Compiler --acfsm=1493 -ASTACK=0110h-016Fh -pstack=STACK \
  -ACODE=00h-07FFhx4 -ASTRCODE=00h-01FFFh -ASTRING=00h-0FFhx32 \
  -ACONST=00h-0FFhx32 -AENTRY=00h-0FFhx32 -ACOMMON=070h-07Fh \
  -ABANK0=020h-06Fh -ABANK1=0A0h-0EFh -ABANK2=0110h-016Fh \
  -ABANK3=0190h-01EFh -ARAM=020h-06Fh,0A0h-0EFh,0110h-016Fh,0190h-01EFh \
  -AABS1=020h-07Fh,0A0h-0EFh,0110h-016Fh,0190h-01EFh -ASFR0=00h-01Fh \
  -ASFR1=080h-09Fh -ASFR2=0100h-010Fh -ASFR3=0180h-018Fh \
  -ACONFIG=02007h-02008h -DCONFIG=2 -AIDLOC=02000h-02003h -DIDLOC=2 \
  -AEEDATA=00h-0FFh/02100h -peeprom_data=EEDATA -DEEDATA=2 -DCODE=2 \
  -DSTRCODE=2 -DSTRING=2 -DCONST=2 -DENTRY=2 \
  -preset_vec=00h,intentry=04h,init,end_init -ppowerup=CODE -pcinit=CODE \
  -pfunctab=ENTRY -k C:\Users\ANDYBO~1\AppData\Local\Temp\xcAseg0.o \
  dist/default/production\pruebaMaster2.X.production.o 

Object code version is 3.11

Machine type is 16F887



                Name                               Link     Load   Length Selector   Space Scale
C:\Users\ANDYBO~1\AppData\Local\Temp\xcAseg0.o
                end_init                              C        C        3        8       0
                reset_vec                             0        0        3        0       0
                config                             2007     2007        2        0       4
dist/default/production\pruebaMaster2.X.production.o
                cinit                                 F        F        4        8       0
                intentry                              4        4        8        8       0
                config                             2007     2007        2        0       4
                text9                               168      168        7      256       0
                text8                               16F      16F        6      256       0
                text7                               12B      12B       19      256       0
                text6                                13       13       52        8       0
                text5                                EB       EB       24        8       0
                text4                               144      144       15      256       0
                text3                                C6       C6       25        8       0
                text2                                65       65       37        8       0
                text1                               159      159        F      256       0
                maintext                             9C       9C       2A        8       0
                cstackCOMMON                         70       70        A       70       1
                strings                             10F      10F       1C      21E       0

TOTAL           Name                               Link     Load   Length     Space
        CLASS   STACK          

        CLASS   CODE           
                end_init                              C        C        3         0
                cinit                                 F        F        4         0
                intentry                              4        4        8         0
                reset_vec                             0        0        3         0
                text9                               168      168        7         0
                text8                               16F      16F        6         0
                text7                               12B      12B       19         0
                text6                                13       13       52         0
                text5                                EB       EB       24         0
                text4                               144      144       15         0
                text3                                C6       C6       25         0
                text2                                65       65       37         0
                text1                               159      159        F         0
                maintext                             9C       9C       2A         0

        CLASS   STRCODE        

        CLASS   STRING         
                strings                             10F      10F       1C         0

        CLASS   CONST          

        CLASS   ENTRY          

        CLASS   COMMON         
                cstackCOMMON                         70       70        A         1

        CLASS   BANK0          

        CLASS   BANK1          

        CLASS   BANK2          

        CLASS   BANK3          

        CLASS   RAM            

        CLASS   ABS1           
                abs_s1                               7E       7E        2         1

        CLASS   SFR0           

        CLASS   SFR1           

        CLASS   SFR2           

        CLASS   SFR3           

        CLASS   CONFIG         
                config                             2007     2007        2         4

        CLASS   IDLOC          

        CLASS   EEDATA         



SEGMENTS        Name                           Load    Length   Top    Selector   Space  Class     Delta

                reset_vec                      000000  000003  000003         0       0  CODE        2
                intentry                       000004  00010B  00010F         8       0  CODE        2
                cstackCOMMON                   000070  00000A  00007A        70       1  COMMON      1
                strings                        00010F  00001C  00012B       21E       0  STRING      2
                text7                          00012B  00004A  000175       256       0  CODE        2


UNUSED ADDRESS RANGES

        Name                Unused          Largest block    Delta
        BANK0            0020-006F             50           1
        BANK1            00A0-00EF             50           1
        BANK2            0110-016F             60           1
        BANK3            0190-01EF             60           1
        CODE             0003-0003              1           2
                         0175-1FFF            800
        COMMON           007A-007D              4           1
        CONST            0003-0003              1           2
                         0175-1FFF            100
        EEDATA           2100-21FF            100           2
        ENTRY            0003-0003              1           2
                         0175-1FFF            100
        IDLOC            2000-2003              4           2
        RAM              0020-006F             50           1
                         00A0-00EF             50
                         0110-016F             60
                         0190-01EF             60
        SFR0             0000-001F             20           1
        SFR1             0080-009F             20           1
        SFR2             0100-010F             10           1
        SFR3             0180-018F             10           1
        STACK            0110-016F             60           1
        STRCODE          0003-0003              1           2
                         0175-1FFF           1E8B
        STRING           0003-0003              1           2
                         0175-1FFF            100

                                  Symbol Table

Lcd_Cmd@a                  cstackCOMMON 0075
Lcd_Port@a                 cstackCOMMON 0072
Lcd_Set_Cursor@a           cstackCOMMON 0078
Lcd_Set_Cursor@b           cstackCOMMON 0076
Lcd_Set_Cursor@temp        cstackCOMMON 0079
Lcd_Write_Char@a           cstackCOMMON 0074
Lcd_Write_String@a         cstackCOMMON 0077
Lcd_Write_String@i         cstackCOMMON 0075
_ANSEL                     (abs)        0188
_ANSELH                    (abs)        0189
_Lcd_Cmd                   text7        012B
_Lcd_Init                  text6        0013
_Lcd_Port                  text8        016F
_Lcd_Set_Cursor            text5        00EB
_Lcd_Write_Char            text4        0144
_Lcd_Write_String          text3        00C6
_OSCCONbits                (abs)        008F
_PORTB                     (abs)        0006
_PORTEbits                 (abs)        0009
_TRISB                     (abs)        0086
_TRISE                     (abs)        0089
__Habs1                    abs1         0000
__Hbank0                   bank0        0000
__Hbank1                   bank1        0000
__Hbank2                   bank2        0000
__Hbank3                   bank3        0000
__Hcinit                   cinit        0013
__Hclrtext                 clrtext      0000
__Hcode                    code         0000
__Hcommon                  common       0000
__Hconfig                  config       2009
__HcstackCOMMON            cstackCOMMON 0000
__Heeprom_data             eeprom_data  0000
__Hend_init                end_init     000F
__Hfunctab                 functab      0000
__Hinit                    init         000C
__Hintentry                intentry     000C
__Hmaintext                maintext     0000
__Hpowerup                 powerup      0000
__Hram                     ram          0000
__Hreset_vec               reset_vec    0003
__Hsfr0                    sfr0         0000
__Hsfr1                    sfr1         0000
__Hsfr2                    sfr2         0000
__Hsfr3                    sfr3         0000
__Hspace_0                 (abs)        0175
__Hspace_1                 (abs)        007A
__Hspace_2                 (abs)        0000
__Hspace_3                 (abs)        0000
__Hspace_4                 (abs)        4010
__Hstack                   stack        0000
__Hstrings                 strings      0000
__Htext                    text         0000
__Labs1                    abs1         0000
__Lbank0                   bank0        0000
__Lbank1                   bank1        0000
__Lbank2                   bank2        0000
__Lbank3                   bank3        0000
__Lcinit                   cinit        000F
__Lclrtext                 clrtext      0000
__Lcode                    code         0000
__Lcommon                  common       0000
__Lconfig                  config       0000
__LcstackCOMMON            cstackCOMMON 0000
__Leeprom_data             eeprom_data  0000
__Lend_init                end_init     000C
__Lfunctab                 functab      0000
__Linit                    init         000C
__Lintentry                intentry     0004
__Lmaintext                maintext     0000
__Lpowerup                 powerup      0000
__Lram                     ram          0000
__Lreset_vec               reset_vec    0000
__Lsfr0                    sfr0         0000
__Lsfr1                    sfr1         0000
__Lsfr2                    sfr2         0000
__Lsfr3                    sfr3         0000
__Lspace_0                 (abs)        0000
__Lspace_1                 (abs)        0000
__Lspace_2                 (abs)        0000
__Lspace_3                 (abs)        0000
__Lspace_4                 (abs)        0000
__Lstack                   stack        0000
__Lstrings                 strings      0000
__Ltext                    text         0000
__S0                       (abs)        0175
__S1                       (abs)        007A
__S2                       (abs)        0000
__S3                       (abs)        0000
___int_sp                  stack        0000
___latbits                 (abs)        0002
___sp                      stack        0000
___stackhi                 (abs)        0000
___stacklo                 (abs)        0000
__end_of_Lcd_Cmd           text7        0144
__end_of_Lcd_Init          text6        0065
__end_of_Lcd_Port          text8        0175
__end_of_Lcd_Set_Cursor    text5        010F
__end_of_Lcd_Write_Char    text4        0159
__end_of_Lcd_Write_String  text3        00EB
__end_of__initialization   cinit        000F
__end_of__stringtab        strings      0115
__end_of_isr               text9        016F
__end_of_main              maintext     00C6
__end_of_osc_config        text2        009C
__end_of_setup             text1        0168
__initialization           cinit        000F
__pcstackCOMMON            cstackCOMMON 0070
__pintentry                intentry     0004
__pmaintext                maintext     009C
__pstrings                 strings      010F
__ptext1                   text1        0159
__ptext2                   text2        0065
__ptext3                   text3        00C6
__ptext4                   text4        0144
__ptext5                   text5        00EB
__ptext6                   text6        0013
__ptext7                   text7        012B
__ptext8                   text8        016F
__ptext9                   text9        0168
__size_of_Lcd_Cmd          (abs)        0000
__size_of_Lcd_Init         (abs)        0000
__size_of_Lcd_Port         (abs)        0000
__size_of_Lcd_Set_Cursor   (abs)        0000
__size_of_Lcd_Write_Char   (abs)        0000
__size_of_Lcd_Write_String (abs)        0000
__size_of_isr              (abs)        0000
__size_of_main             (abs)        0000
__size_of_osc_config       (abs)        0000
__size_of_setup            (abs)        0000
__stringbase               strings      0114
__stringtab                strings      010F
_isr                       text9        0168
_main                      maintext     009C
_osc_config                text2        0065
_setup                     text1        0159
btemp                      (abs)        007E
end_of_initialization      cinit        000F
interrupt_function         intentry     0004
intlevel0                  functab      0000
intlevel1                  functab      0000
intlevel2                  functab      0000
intlevel3                  functab      0000
intlevel4                  functab      0000
intlevel5                  functab      0000
osc_config@freq            cstackCOMMON 0074
reset_vec                  reset_vec    0000
saved_w                    (abs)        007E
start                      init         000C
start_initialization       cinit        000F
wtemp0                     (abs)        007E


MODULE INFORMATION

Module		Function		Class		Link	Load	Size
shared
		__stringtab    		STRING         	010F	0000	6
		__initialization		CODE           	000F	0000	1

shared estimated size: 7

C:/Users/Andy Bonilla/Documents/GitHub/ED2/pruebaMaster/pruebaMaster2.X/mainPrueba2.c
		_main          		CODE           	009C	0000	42
		_isr           		CODE           	0168	0000	7
		_setup         		CODE           	0159	0000	15

C:/Users/Andy Bonilla/Documents/GitHub/ED2/pruebaMaster/pruebaMaster2.X/mainPrueba2.c estimated size: 64

C:/Users/Andy Bonilla/Documents/GitHub/ED2/pruebaMaster/pruebaMaster2.X/Osc_config.c
		_osc_config    		CODE           	0065	0000	55

C:/Users/Andy Bonilla/Documents/GitHub/ED2/pruebaMaster/pruebaMaster2.X/Osc_config.c estimated size: 55

C:/Users/Andy Bonilla/Documents/GitHub/ED2/pruebaMaster/pruebaMaster2.X/lcd_pablo.c
		_Lcd_Write_String		CODE           	00C6	0000	37
		_Lcd_Init      		CODE           	0013	0000	82
		_Lcd_Write_Char		CODE           	0144	0000	21
		_Lcd_Cmd       		CODE           	012B	0000	25
		_Lcd_Set_Cursor		CODE           	00EB	0000	36
		_Lcd_Port      		CODE           	016F	0000	6

C:/Users/Andy Bonilla/Documents/GitHub/ED2/pruebaMaster/pruebaMaster2.X/lcd_pablo.c estimated size: 207

