Microchip MPLAB XC8 Compiler V2.32

Linker command line:

-W-3 --edf=C:\Program Files\Microchip\xc8\v2.32\pic\dat\en_msgs.txt -cn \
  -h+dist/default/production\pruebaMaster.X.production.sym \
  --cmf=dist/default/production\pruebaMaster.X.production.cmf -z -Q16F887 \
  -oC:\Users\ANDYBO~1\AppData\Local\Temp\xcAsin4.4 --defsym=__MPLAB_BUILD=1 \
  -Mdist/default/production/pruebaMaster.X.production.map -E1 \
  -ver=XC8 Compiler --acfsm=1493 -ASTACK=0110h-016Fh -pstack=STACK \
  -ACODE=00h-07FFhx4 -ASTRCODE=00h-01FFFh -ASTRING=00h-0FFhx32 \
  -ACONST=00h-0FFhx32 -AENTRY=00h-0FFhx32 -ACOMMON=070h-07Fh \
  -ABANK0=020h-06Fh -ABANK1=0A0h-0EFh -ABANK2=0110h-016Fh \
  -ABANK3=0190h-01EFh -ARAM=020h-06Fh,0A0h-0EFh,0110h-016Fh,0190h-01EFh \
  -AABS1=020h-07Fh,0A0h-0EFh,0110h-016Fh,0190h-01EFh -ASFR0=00h-01Fh \
  -ASFR1=080h-09Fh -ASFR2=0100h-010Fh -ASFR3=0180h-018Fh \
  -ACONFIG=02007h-02008h -DCONFIG=2 -AIDLOC=02000h-02003h -DIDLOC=2 \
  -AEEDATA=00h-0FFh/02100h -peeprom_data=EEDATA -DEEDATA=2 -DCODE=2 \
  -DSTRCODE=2 -DSTRING=2 -DCONST=2 -DENTRY=2 \
  -preset_vec=00h,intentry,init,end_init -ppowerup=CODE -pcinit=CODE \
  -pfunctab=ENTRY -k C:\Users\ANDYBO~1\AppData\Local\Temp\xcAsin4.o \
  dist/default/production\pruebaMaster.X.production.o 

Object code version is 3.11

Machine type is 16F887



                Name                               Link     Load   Length Selector   Space Scale
C:\Users\ANDYBO~1\AppData\Local\Temp\xcAsin4.o
                end_init                              0        0        3        0       0
                config                             2007     2007        2        0       4
dist/default/production\pruebaMaster.X.production.o
                cinit                               7FA      7FA        6      FF4       0
                config                             2007     2007        2        0       4
                text9                               665      665       22      CCA       0
                text8                               64B      64B       1A      C96       0
                text7                               630      630        D      C60       0
                text6                               79D      79D       5D      F3A       0
                text5                               74B      74B       52      E96       0
                text4                               712      712       39      E24       0
                text3                               687      687       25      D0E       0
                text2                               6DB      6DB       37      DB6       0
                text1                               63D      63D        E      C7A       0
                maintext                            6AC      6AC       2F      D58       0
                cstackCOMMON                         70       70        B       70       1
                bssCOMMON                            7B       7B        2       70       1
                strings                               3        3       1A        6       0

TOTAL           Name                               Link     Load   Length     Space
        CLASS   STACK          

        CLASS   CODE           
                end_init                              0        0        3         0
                cinit                               7FA      7FA        6         0
                text9                               665      665       22         0
                text8                               64B      64B       1A         0
                text7                               630      630        D         0
                text6                               79D      79D       5D         0
                text5                               74B      74B       52         0
                text4                               712      712       39         0
                text3                               687      687       25         0
                text2                               6DB      6DB       37         0
                text1                               63D      63D        E         0
                maintext                            6AC      6AC       2F         0

        CLASS   STRCODE        

        CLASS   STRING         
                strings                               3        3       1A         0

        CLASS   CONST          

        CLASS   ENTRY          

        CLASS   COMMON         
                cstackCOMMON                         70       70        B         1
                bssCOMMON                            7B       7B        2         1

        CLASS   BANK0          

        CLASS   BANK1          

        CLASS   BANK2          

        CLASS   BANK3          

        CLASS   RAM            

        CLASS   ABS1           
                abs_s1                               7E       7E        2         1

        CLASS   SFR0           

        CLASS   SFR1           

        CLASS   SFR2           

        CLASS   SFR3           

        CLASS   CONFIG         
                config                             2007     2007        2         4

        CLASS   IDLOC          

        CLASS   EEDATA         



SEGMENTS        Name                           Load    Length   Top    Selector   Space  Class     Delta

                reset_vec                      000000  000003  000003         0       0  CODE        2
                strings                        000003  00001A  00001D         6       0  STRING      2
                cstackCOMMON                   000070  00000D  00007D        70       1  COMMON      1
                text7                          000630  00000D  00063D       C60       0  CODE        2
                text1                          00063D  00000E  00064B       C7A       0  CODE        2
                text8                          00064B  00001A  000665       C96       0  CODE        2
                text9                          000665  000022  000687       CCA       0  CODE        2
                text3                          000687  000025  0006AC       D0E       0  CODE        2
                maintext                       0006AC  00002F  0006DB       D58       0  CODE        2
                text2                          0006DB  000037  000712       DB6       0  CODE        2
                text4                          000712  000039  00074B       E24       0  CODE        2
                text5                          00074B  000052  00079D       E96       0  CODE        2
                text6                          00079D  00005D  0007FA       F3A       0  CODE        2
                cinit                          0007FA  000006  000800       FF4       0  CODE        2


UNUSED ADDRESS RANGES

        Name                Unused          Largest block    Delta
        BANK0            0020-006F             50           1
        BANK1            00A0-00EF             50           1
        BANK2            0110-016F             60           1
        BANK3            0190-01EF             60           1
        CODE             001D-062F            613           2
                         0800-1FFF            800
        COMMON           007D-007D              1           1
        CONST            001D-062F            100           2
                         0800-1FFF            100
        EEDATA           2100-21FF            100           2
        ENTRY            001D-062F            100           2
                         0800-1FFF            100
        IDLOC            2000-2003              4           2
        RAM              0020-006F             50           1
                         00A0-00EF             50
                         0110-016F             60
                         0190-01EF             60
        SFR0             0000-001F             20           1
        SFR1             0080-009F             20           1
        SFR2             0100-010F             10           1
        SFR3             0180-018F             10           1
        STACK            0110-016F             60           1
        STRCODE          001D-062F            613           2
                         0800-1FFF           1800
        STRING           001D-062F            100           2
                         0800-1FFF            100

                                  Symbol Table

Lcd_Cmd@a                  cstackCOMMON 0073
Lcd_Port@a                 cstackCOMMON 0070
Lcd_Set_Cursor@a           cstackCOMMON 0077
Lcd_Set_Cursor@b           cstackCOMMON 0074
Lcd_Set_Cursor@temp        cstackCOMMON 007A
Lcd_Set_Cursor@y           cstackCOMMON 0079
Lcd_Set_Cursor@z           cstackCOMMON 0078
Lcd_Write_Char@a           cstackCOMMON 0074
Lcd_Write_Char@temp        cstackCOMMON 0072
Lcd_Write_Char@y           cstackCOMMON 0073
Lcd_Write_String@a         cstackCOMMON 0077
Lcd_Write_String@i         cstackCOMMON 0075
_ANSEL                     (abs)        0188
_ANSELH                    (abs)        0189
_Lcd_Clear                 text7        0630
_Lcd_Cmd                   text8        064B
_Lcd_Init                  text6        079D
_Lcd_Port                  text9        0665
_Lcd_Set_Cursor            text5        074B
_Lcd_Write_Char            text4        0712
_Lcd_Write_String          text3        0687
_OSCCONbits                (abs)        008F
_PORTDbits                 (abs)        0008
_RD3                       (abs)        0043
_RD4                       (abs)        0044
_RD5                       (abs)        0045
_RD6                       (abs)        0046
_RD7                       (abs)        0047
_TRISD                     (abs)        0088
__Habs1                    abs1         0000
__Hbank0                   bank0        0000
__Hbank1                   bank1        0000
__Hbank2                   bank2        0000
__Hbank3                   bank3        0000
__HbssCOMMON               bssCOMMON    0000
__Hcinit                   cinit        0800
__Hclrtext                 clrtext      0000
__Hcode                    code         0000
__Hcommon                  common       0000
__Hconfig                  config       2009
__HcstackCOMMON            cstackCOMMON 0000
__Heeprom_data             eeprom_data  0000
__Hend_init                end_init     0003
__Hfunctab                 functab      0000
__Hinit                    init         0000
__Hintentry                intentry     0000
__Hmaintext                maintext     0000
__Hpowerup                 powerup      0000
__Hram                     ram          0000
__Hreset_vec               reset_vec    0000
__Hsfr0                    sfr0         0000
__Hsfr1                    sfr1         0000
__Hsfr2                    sfr2         0000
__Hsfr3                    sfr3         0000
__Hspace_0                 (abs)        0800
__Hspace_1                 (abs)        007D
__Hspace_2                 (abs)        0000
__Hspace_3                 (abs)        0000
__Hspace_4                 (abs)        4010
__Hstack                   stack        0000
__Hstrings                 strings      0000
__Htext                    text         0000
__Labs1                    abs1         0000
__Lbank0                   bank0        0000
__Lbank1                   bank1        0000
__Lbank2                   bank2        0000
__Lbank3                   bank3        0000
__LbssCOMMON               bssCOMMON    0000
__Lcinit                   cinit        07FA
__Lclrtext                 clrtext      0000
__Lcode                    code         0000
__Lcommon                  common       0000
__Lconfig                  config       0000
__LcstackCOMMON            cstackCOMMON 0000
__Leeprom_data             eeprom_data  0000
__Lend_init                end_init     0000
__Lfunctab                 functab      0000
__Linit                    init         0000
__Lintentry                intentry     0000
__Lmaintext                maintext     0000
__Lpowerup                 powerup      0000
__Lram                     ram          0000
__Lreset_vec               reset_vec    0000
__Lsfr0                    sfr0         0000
__Lsfr1                    sfr1         0000
__Lsfr2                    sfr2         0000
__Lsfr3                    sfr3         0000
__Lspace_0                 (abs)        0000
__Lspace_1                 (abs)        0000
__Lspace_2                 (abs)        0000
__Lspace_3                 (abs)        0000
__Lspace_4                 (abs)        0000
__Lstack                   stack        0000
__Lstrings                 strings      0000
__Ltext                    text         0000
__S0                       (abs)        0800
__S1                       (abs)        007D
__S2                       (abs)        0000
__S3                       (abs)        0000
___int_sp                  stack        0000
___latbits                 (abs)        0002
___sp                      stack        0000
___stackhi                 (abs)        0000
___stacklo                 (abs)        0000
__end_of_Lcd_Clear         text7        063D
__end_of_Lcd_Cmd           text8        0665
__end_of_Lcd_Init          text6        07FA
__end_of_Lcd_Port          text9        0687
__end_of_Lcd_Set_Cursor    text5        079D
__end_of_Lcd_Write_Char    text4        074B
__end_of_Lcd_Write_String  text3        06AC
__end_of__initialization   cinit        07FC
__end_of__stringtab        strings      0009
__end_of_main              maintext     06DB
__end_of_osc_config        text2        0712
__end_of_setup             text1        064B
__initialization           cinit        07FA
__pbssCOMMON               bssCOMMON    007B
__pcstackCOMMON            cstackCOMMON 0070
__pmaintext                maintext     06AC
__pstrings                 strings      0003
__ptext1                   text1        063D
__ptext2                   text2        06DB
__ptext3                   text3        0687
__ptext4                   text4        0712
__ptext5                   text5        074B
__ptext6                   text6        079D
__ptext7                   text7        0630
__ptext8                   text8        064B
__ptext9                   text9        0665
__size_of_Lcd_Clear        (abs)        0000
__size_of_Lcd_Cmd          (abs)        0000
__size_of_Lcd_Init         (abs)        0000
__size_of_Lcd_Port         (abs)        0000
__size_of_Lcd_Set_Cursor   (abs)        0000
__size_of_Lcd_Write_Char   (abs)        0000
__size_of_Lcd_Write_String (abs)        0000
__size_of_main             (abs)        0000
__size_of_osc_config       (abs)        0000
__size_of_setup            (abs)        0000
__stringbase               strings      0008
__stringtab                strings      0003
_main                      maintext     06AC
_osc_config                text2        06DB
_setup                     text1        063D
btemp                      (abs)        007E
end_of_initialization      cinit        07FC
intlevel0                  functab      0000
intlevel1                  functab      0000
intlevel2                  functab      0000
intlevel3                  functab      0000
intlevel4                  functab      0000
intlevel5                  functab      0000
osc_config@freq            cstackCOMMON 0072
reset_vec                  reset_vec    0000
start                      init         0000
start_initialization       cinit        07FA
wtemp0                     (abs)        007E


MODULE INFORMATION

Module		Function		Class		Link	Load	Size
C:/Users/Andy Bonilla/Documents/GitHub/ED2/pruebaMaster/pruebaMaster.X/LCD_diego.c
		_Lcd_Write_String		CODE           	0687	0000	37
		_Lcd_Init      		CODE           	079D	0000	93
		_Lcd_Write_Char		CODE           	0712	0000	57
		_Lcd_Cmd       		CODE           	064B	0000	26
		_Lcd_Set_Cursor		CODE           	074B	0000	82
		_Lcd_Clear     		CODE           	0630	0000	13
		_Lcd_Port      		CODE           	0665	0000	34

C:/Users/Andy Bonilla/Documents/GitHub/ED2/pruebaMaster/pruebaMaster.X/LCD_diego.c estimated size: 342

C:/Users/Andy Bonilla/Documents/GitHub/ED2/pruebaMaster/pruebaMaster.X/main_prueba1.c
		_main          		CODE           	06AC	0000	47
		_setup         		CODE           	063D	0000	14

C:/Users/Andy Bonilla/Documents/GitHub/ED2/pruebaMaster/pruebaMaster.X/main_prueba1.c estimated size: 61

shared
		__stringtab    		STRING         	0003	0000	6
		__initialization		CODE           	07FA	0000	2

shared estimated size: 8

C:/Users/Andy Bonilla/Documents/GitHub/ED2/pruebaMaster/pruebaMaster.X/Osc_config.c
		_osc_config    		CODE           	06DB	0000	55

C:/Users/Andy Bonilla/Documents/GitHub/ED2/pruebaMaster/pruebaMaster.X/Osc_config.c estimated size: 55

